// Jest Snapshot v1, https://goo.gl/fbAQLP

exports[`Movie Selectors should return movie 1`] = `
Object {
  "budget": 17000000,
  "genres": Array [
    "Comedy",
    "Romance",
    "Drama",
  ],
  "id": 449176,
  "overview": "Everyone deserves a great love story. But for seventeen-year old Simon Spier it’s a little more complicated: he’s yet to tell his family or friends he’s gay and he doesn’t actually know the identity of the anonymous classmate he’s fallen for online.",
  "poster_path": "https://image.tmdb.org/t/p/w500/5YUYg5q7QfC4IoNwNUtiwdiYKPr.jpg",
  "release_date": "2018-03-16",
  "revenue": 11800000,
  "runtime": 110,
  "tagline": "He's done keeping his story straight.",
  "title": "Love, Simon",
  "vote_average": 8.4,
  "vote_count": 82,
}
`;

exports[`Movie Selectors should return similar movies 1`] = `
Array [
  Object {
    "budget": 13200000,
    "genres": Array [
      "Comedy",
      "Drama",
      "Romance",
    ],
    "id": 19404,
    "overview": "Raj is a rich, carefree, happy-go-lucky second generation NRI. Simran is the daughter of Chaudhary Baldev Singh, who in spite of being an NRI is very strict about adherence to Indian values. Simran has left for India to be married to her childhood fiancé. Raj leaves for India with a mission at his hands, to claim his lady love under the noses of her whole family. Thus begins a saga.",
    "poster_path": "https://image.tmdb.org/t/p/w500/uC6TTUhPpQCmgldGyYveKRAu8JN.jpg",
    "release_date": "1995-10-20",
    "revenue": 100000000,
    "runtime": 190,
    "tagline": "Come... Fall in Love",
    "title": "Dilwale Dulhania Le Jayenge",
    "vote_average": 9.2,
    "vote_count": 1297,
  },
  Object {
    "budget": 0,
    "genres": Array [
      "Comedy",
      "Drama",
      "Romance",
    ],
    "id": 418827,
    "overview": "A sexy brother-in-law approached her? And he’s a younger man?  Mi-yeon, who was adopted into her family when she was little, is living with her older sister, Si-yeon and Si-yeon’s husband. Mi-yeon’s desire towards her brother-in-law grows more and more every night when she gets to watch the affectionate interaction between her older sister and the brother-in-law. One day, Mi-yeon seduces her brother-in-law and the two end up crossing the line when they should not have. As the situation goes on, Mi-yeon finds out her older sister is also having affairs outside the marriage. Mi-yeon tries to clear up the relationship with her brother-in-law out of guilty feeling. However, she hears something shocking from the brother-in-law.",
    "poster_path": "https://image.tmdb.org/t/p/w500/wKCkyb7dyDTbZn7qy6zh8oqtFrT.jpg",
    "release_date": "2016-10-11",
    "revenue": 0,
    "runtime": 75,
    "tagline": "A sexy brother-in-law approached her? And he’s a younger man?",
    "title": "Sister's Younger Husband",
    "vote_average": 8.5,
    "vote_count": 2,
  },
  Object {
    "budget": 17000000,
    "genres": Array [
      "Comedy",
      "Drama",
      "Romance",
    ],
    "id": 449176,
    "overview": "Everyone deserves a great love story. But for seventeen-year old Simon Spier it’s a little more complicated: he’s yet to tell his family or friends he’s gay and he doesn’t actually know the identity of the anonymous classmate he’s fallen for online.",
    "poster_path": "https://image.tmdb.org/t/p/w500/5YUYg5q7QfC4IoNwNUtiwdiYKPr.jpg",
    "release_date": "2018-03-16",
    "revenue": 11800000,
    "runtime": 110,
    "tagline": "He's done keeping his story straight.",
    "title": "Love, Simon",
    "vote_average": 8.4,
    "vote_count": 82,
  },
  Object {
    "budget": 0,
    "genres": Array [
      "Family",
      "Animation",
      "Romance",
      "Comedy",
    ],
    "id": 455661,
    "overview": "A closeted boy runs the risk of being outed by his own heart after it pops out of his chest to chase down the boy of his dreams.",
    "poster_path": "https://image.tmdb.org/t/p/w500/wJUJROdLOtOzMixkjkx1aaZGSLl.jpg",
    "release_date": "2017-06-01",
    "revenue": 0,
    "runtime": 4,
    "tagline": "The Heart Wants What The Heart Wants",
    "title": "In a Heartbeat",
    "vote_average": 8.3,
    "vote_count": 370,
  },
  Object {
    "budget": 20000000,
    "genres": Array [
      "Comedy",
      "Drama",
    ],
    "id": 637,
    "overview": "A touching story of an Italian book seller of Jewish ancestry who lives in his own little fairy tale. His creative and happy life would come to an abrupt halt when his entire family is deported to a concentration camp during World War II. While locked up he tries to convince his son that the whole thing is just a game.",
    "poster_path": "https://image.tmdb.org/t/p/w500/f7DImXDebOs148U4uPjI61iDvaK.jpg",
    "release_date": "1997-12-20",
    "revenue": 229400000,
    "runtime": 116,
    "tagline": "An unforgettable fable that proves love, family and imagination conquer all.",
    "title": "Life Is Beautiful",
    "vote_average": 8.3,
    "vote_count": 4899,
  },
  Object {
    "budget": 55000000,
    "genres": Array [
      "Comedy",
      "Drama",
      "Romance",
    ],
    "id": 13,
    "overview": "A man with a low IQ has accomplished great things in his life and been present during significant historic events - in each case, far exceeding what anyone imagined he could do. Yet, despite all the things he has attained, his one true love eludes him. 'Forrest Gump' is the story of a man who rose above his challenges, and who proved that determination, courage, and love are more important than ability.",
    "poster_path": "https://image.tmdb.org/t/p/w500/yE5d3BUhE8hCnkMUJOo1QDoOGNz.jpg",
    "release_date": "1994-07-06",
    "revenue": 677945399,
    "runtime": 142,
    "tagline": "Life is like a box of chocolates...you never know what you're gonna get.",
    "title": "Forrest Gump",
    "vote_average": 8.3,
    "vote_count": 10297,
  },
  Object {
    "budget": 1500000,
    "genres": Array [
      "Comedy",
      "Drama",
      "Romance",
    ],
    "id": 901,
    "overview": "City Lights is the first silent film that Charlie Chaplin directed after he established himself with sound accompanied films. The film is about a penniless man who falls in love with a flower girl. The film was a great success and today is deemed a cult classic.",
    "poster_path": "https://image.tmdb.org/t/p/w500/bXNvzjULc9jrOVhGfjcc64uKZmZ.jpg",
    "release_date": "1931-01-30",
    "revenue": 19181,
    "runtime": 87,
    "tagline": "True Blind Love",
    "title": "City Lights",
    "vote_average": 8.2,
    "vote_count": 581,
  },
  Object {
    "budget": 13000000,
    "genres": Array [
      "Drama",
      "Comedy",
    ],
    "id": 77338,
    "overview": "A true story of two men who should never have met – a quadriplegic aristocrat who was injured in a paragliding accident and a young man from the projects.",
    "poster_path": "https://image.tmdb.org/t/p/w500/4mFsNQwbD0F237Tx7gAPotd0nbJ.jpg",
    "release_date": "2011-11-02",
    "revenue": 426480871,
    "runtime": 112,
    "tagline": "Sometimes you have to reach into someone else's world to find out what's missing in your own.",
    "title": "The Intouchables",
    "vote_average": 8.2,
    "vote_count": 6940,
  },
  Object {
    "budget": 2000000,
    "genres": Array [
      "Comedy",
    ],
    "id": 914,
    "overview": "Dictator Adenoid Hynkel tries to expand his empire while a poor Jewish barber tries to avoid persecution from Hynkel's regime.",
    "poster_path": "https://image.tmdb.org/t/p/w500/hK2KsU0lNiYRqIrYJcC3x63dPnH.jpg",
    "release_date": "1940-10-15",
    "revenue": 11000000,
    "runtime": 125,
    "tagline": "Once again - the whole world laughs!",
    "title": "The Great Dictator",
    "vote_average": 8.2,
    "vote_count": 991,
  },
  Object {
    "budget": 1,
    "genres": Array [
      "Drama",
      "Comedy",
    ],
    "id": 3082,
    "overview": "The Tramp struggles to live in modern industrial society with the help of a young homeless woman.",
    "poster_path": "https://image.tmdb.org/t/p/w500/7uoiKOEjxBBW0AgDGQWrlfGQ90w.jpg",
    "release_date": "1936-02-05",
    "revenue": 8500000,
    "runtime": 87,
    "tagline": "He stands alone as the greatest entertainer of modern times! No one on earth can make you laugh as heartily or touch your heart as deeply...the whole world laughs, cries and thrills to his priceless genius!",
    "title": "Modern Times",
    "vote_average": 8.2,
    "vote_count": 1174,
  },
  Object {
    "budget": 2883848,
    "genres": Array [
      "Comedy",
      "Romance",
    ],
    "id": 239,
    "overview": "Two musicians witness a mob hit and struggle to find a way out of the city before they are found by the gangsters. Their only opportunity is to join an all-girl band as they leave on a tour. To make their getaway they must first disguise themselves as women, then keep their identities secret and deal with the problems this brings - such as an attractive bandmate and a very determined suitor.",
    "poster_path": "https://image.tmdb.org/t/p/w500/pxc9EFCMYkItESpqqrI783yl8Gh.jpg",
    "release_date": "1959-03-18",
    "revenue": 25000000,
    "runtime": 122,
    "tagline": "The movie too HOT for words!",
    "title": "Some Like It Hot",
    "vote_average": 8.1,
    "vote_count": 1069,
  },
  Object {
    "budget": 19000000,
    "genres": Array [
      "Adventure",
      "Comedy",
      "Science Fiction",
      "Family",
    ],
    "id": 105,
    "overview": "Eighties teenager Marty McFly is accidentally sent back in time to 1955, inadvertently disrupting his parents' first meeting and attracting his mother's romantic interest. Marty must repair the damage to history by rekindling his parents' romance and - with the help of his eccentric inventor friend Doc Brown - return to 1985.",
    "poster_path": "https://image.tmdb.org/t/p/w500/pTpxQB1N0waaSc3OSn0e9oc8kx9.jpg",
    "release_date": "1985-07-03",
    "revenue": 381109762,
    "runtime": 116,
    "tagline": "He's the only kid ever to get into trouble before he was born.",
    "title": "Back to the Future",
    "vote_average": 8.1,
    "vote_count": 7789,
  },
]
`;
